Analysis & Synthesis report for Lab2
Sat Oct 26 17:09:24 2019
Quartus Prime Version 18.1.0 Build 625 09/12/2018 SJ Lite Edition


---------------------
; Table of Contents ;
---------------------
  1. Legal Notice
  2. Analysis & Synthesis Summary
  3. Analysis & Synthesis Settings
  4. Parallel Compilation
  5. Analysis & Synthesis Source Files Read
  6. Analysis & Synthesis Resource Usage Summary
  7. Analysis & Synthesis Resource Utilization by Entity
  8. User-Specified and Inferred Latches
  9. General Register Statistics
 10. Inverted Register Statistics
 11. Multiplexer Restructuring Statistics (Restructuring Performed)
 12. Parameter Settings for User Entity Instance: clock_divider:U0
 13. Post-Synthesis Netlist Statistics for Top Partition
 14. Elapsed Time Per Partition
 15. Analysis & Synthesis Messages



----------------
; Legal Notice ;
----------------
Copyright (C) 2018  Intel Corporation. All rights reserved.
Your use of Intel Corporation's design tools, logic functions 
and other software and tools, and its AMPP partner logic 
functions, and any output files from any of the foregoing 
(including device programming or simulation files), and any 
associated documentation or information are expressly subject 
to the terms and conditions of the Intel Program License 
Subscription Agreement, the Intel Quartus Prime License Agreement,
the Intel FPGA IP License Agreement, or other applicable license
agreement, including, without limitation, that your use is for
the sole purpose of programming logic devices manufactured by
Intel and sold by Intel or its authorized distributors.  Please
refer to the applicable agreement for further details.



+----------------------------------------------------------------------------------+
; Analysis & Synthesis Summary                                                     ;
+------------------------------------+---------------------------------------------+
; Analysis & Synthesis Status        ; Successful - Sat Oct 26 17:09:24 2019       ;
; Quartus Prime Version              ; 18.1.0 Build 625 09/12/2018 SJ Lite Edition ;
; Revision Name                      ; Lab2                                        ;
; Top-level Entity Name              ; Lab2                                        ;
; Family                             ; MAX 10                                      ;
; Total logic elements               ; 127                                         ;
;     Total combinational functions  ; 127                                         ;
;     Dedicated logic registers      ; 42                                          ;
; Total registers                    ; 42                                          ;
; Total pins                         ; 73                                          ;
; Total virtual pins                 ; 0                                           ;
; Total memory bits                  ; 0                                           ;
; Embedded Multiplier 9-bit elements ; 0                                           ;
; Total PLLs                         ; 0                                           ;
; UFM blocks                         ; 0                                           ;
; ADC blocks                         ; 0                                           ;
+------------------------------------+---------------------------------------------+


+------------------------------------------------------------------------------------------------------------+
; Analysis & Synthesis Settings                                                                              ;
+------------------------------------------------------------------+--------------------+--------------------+
; Option                                                           ; Setting            ; Default Value      ;
+------------------------------------------------------------------+--------------------+--------------------+
; Device                                                           ; 10M50DAF484C7G     ;                    ;
; Top-level entity name                                            ; Lab2               ; Lab2               ;
; Family name                                                      ; MAX 10 FPGA        ; Cyclone V          ;
; Use smart compilation                                            ; Off                ; Off                ;
; Enable parallel Assembler and Timing Analyzer during compilation ; On                 ; On                 ;
; Enable compact report table                                      ; Off                ; Off                ;
; Restructure Multiplexers                                         ; Auto               ; Auto               ;
; Create Debugging Nodes for IP Cores                              ; Off                ; Off                ;
; Preserve fewer node names                                        ; On                 ; On                 ;
; Intel FPGA IP Evaluation Mode                                    ; Enable             ; Enable             ;
; Verilog Version                                                  ; Verilog_2001       ; Verilog_2001       ;
; VHDL Version                                                     ; VHDL_1993          ; VHDL_1993          ;
; State Machine Processing                                         ; Auto               ; Auto               ;
; Safe State Machine                                               ; Off                ; Off                ;
; Extract Verilog State Machines                                   ; On                 ; On                 ;
; Extract VHDL State Machines                                      ; On                 ; On                 ;
; Ignore Verilog initial constructs                                ; Off                ; Off                ;
; Iteration limit for constant Verilog loops                       ; 5000               ; 5000               ;
; Iteration limit for non-constant Verilog loops                   ; 250                ; 250                ;
; Add Pass-Through Logic to Inferred RAMs                          ; On                 ; On                 ;
; Infer RAMs from Raw Logic                                        ; On                 ; On                 ;
; Parallel Synthesis                                               ; On                 ; On                 ;
; DSP Block Balancing                                              ; Auto               ; Auto               ;
; NOT Gate Push-Back                                               ; On                 ; On                 ;
; Power-Up Don't Care                                              ; On                 ; On                 ;
; Remove Redundant Logic Cells                                     ; Off                ; Off                ;
; Remove Duplicate Registers                                       ; On                 ; On                 ;
; Ignore CARRY Buffers                                             ; Off                ; Off                ;
; Ignore CASCADE Buffers                                           ; Off                ; Off                ;
; Ignore GLOBAL Buffers                                            ; Off                ; Off                ;
; Ignore ROW GLOBAL Buffers                                        ; Off                ; Off                ;
; Ignore LCELL Buffers                                             ; Off                ; Off                ;
; Ignore SOFT Buffers                                              ; On                 ; On                 ;
; Limit AHDL Integers to 32 Bits                                   ; Off                ; Off                ;
; Optimization Technique                                           ; Balanced           ; Balanced           ;
; Carry Chain Length                                               ; 70                 ; 70                 ;
; Auto Carry Chains                                                ; On                 ; On                 ;
; Auto Open-Drain Pins                                             ; On                 ; On                 ;
; Perform WYSIWYG Primitive Resynthesis                            ; Off                ; Off                ;
; Auto ROM Replacement                                             ; On                 ; On                 ;
; Auto RAM Replacement                                             ; On                 ; On                 ;
; Auto DSP Block Replacement                                       ; On                 ; On                 ;
; Auto Shift Register Replacement                                  ; Auto               ; Auto               ;
; Allow Shift Register Merging across Hierarchies                  ; Auto               ; Auto               ;
; Auto Clock Enable Replacement                                    ; On                 ; On                 ;
; Strict RAM Replacement                                           ; Off                ; Off                ;
; Allow Synchronous Control Signals                                ; On                 ; On                 ;
; Force Use of Synchronous Clear Signals                           ; Off                ; Off                ;
; Auto RAM Block Balancing                                         ; On                 ; On                 ;
; Auto RAM to Logic Cell Conversion                                ; Off                ; Off                ;
; Auto Resource Sharing                                            ; Off                ; Off                ;
; Allow Any RAM Size For Recognition                               ; Off                ; Off                ;
; Allow Any ROM Size For Recognition                               ; Off                ; Off                ;
; Allow Any Shift Register Size For Recognition                    ; Off                ; Off                ;
; Use LogicLock Constraints during Resource Balancing              ; On                 ; On                 ;
; Ignore translate_off and synthesis_off directives                ; Off                ; Off                ;
; Timing-Driven Synthesis                                          ; On                 ; On                 ;
; Report Parameter Settings                                        ; On                 ; On                 ;
; Report Source Assignments                                        ; On                 ; On                 ;
; Report Connectivity Checks                                       ; On                 ; On                 ;
; Ignore Maximum Fan-Out Assignments                               ; Off                ; Off                ;
; Synchronization Register Chain Length                            ; 2                  ; 2                  ;
; Power Optimization During Synthesis                              ; Normal compilation ; Normal compilation ;
; HDL message level                                                ; Level2             ; Level2             ;
; Suppress Register Optimization Related Messages                  ; Off                ; Off                ;
; Number of Removed Registers Reported in Synthesis Report         ; 5000               ; 5000               ;
; Number of Swept Nodes Reported in Synthesis Report               ; 5000               ; 5000               ;
; Number of Inverted Registers Reported in Synthesis Report        ; 100                ; 100                ;
; Clock MUX Protection                                             ; On                 ; On                 ;
; Auto Gated Clock Conversion                                      ; Off                ; Off                ;
; Block Design Naming                                              ; Auto               ; Auto               ;
; SDC constraint protection                                        ; Off                ; Off                ;
; Synthesis Effort                                                 ; Auto               ; Auto               ;
; Shift Register Replacement - Allow Asynchronous Clear Signal     ; On                 ; On                 ;
; Pre-Mapping Resynthesis Optimization                             ; Off                ; Off                ;
; Analysis & Synthesis Message Level                               ; Medium             ; Medium             ;
; Disable Register Merging Across Hierarchies                      ; Auto               ; Auto               ;
; Resource Aware Inference For Block RAM                           ; On                 ; On                 ;
+------------------------------------------------------------------+--------------------+--------------------+


+------------------------------------------+
; Parallel Compilation                     ;
+----------------------------+-------------+
; Processors                 ; Number      ;
+----------------------------+-------------+
; Number detected on machine ; 12          ;
; Maximum allowed            ; 6           ;
;                            ;             ;
; Average used               ; 1.00        ;
; Maximum used               ; 6           ;
;                            ;             ;
; Usage by Processor         ; % Time Used ;
;     Processor 1            ; 100.0%      ;
;     Processors 2-6         ;   0.0%      ;
+----------------------------+-------------+


+------------------------------------------------------------------------------------------------------------------------------------------------------------------------------+
; Analysis & Synthesis Source Files Read                                                                                                                                       ;
+----------------------------------+-----------------+------------------------+--------------------------------------------------------------------------------------+---------+
; File Name with User-Entered Path ; Used in Netlist ; File Type              ; File Name with Absolute Path                                                         ; Library ;
+----------------------------------+-----------------+------------------------+--------------------------------------------------------------------------------------+---------+
; ../Source/SevenSeg.v             ; yes             ; User Verilog HDL File  ; C:/Users/adamp/Documents/GitHub/ECEN-2350-Digital-Logic-Lab-2/Source/SevenSeg.v      ;         ;
; ../Source/Lab2.v                 ; yes             ; User Verilog HDL File  ; C:/Users/adamp/Documents/GitHub/ECEN-2350-Digital-Logic-Lab-2/Source/Lab2.v          ;         ;
; ../Source/Counters.v             ; yes             ; User Verilog HDL File  ; C:/Users/adamp/Documents/GitHub/ECEN-2350-Digital-Logic-Lab-2/Source/Counters.v      ;         ;
; ../Source/clock_divider.v        ; yes             ; User Verilog HDL File  ; C:/Users/adamp/Documents/GitHub/ECEN-2350-Digital-Logic-Lab-2/Source/clock_divider.v ;         ;
+----------------------------------+-----------------+------------------------+--------------------------------------------------------------------------------------+---------+


+---------------------------------------------------------+
; Analysis & Synthesis Resource Usage Summary             ;
+---------------------------------------------+-----------+
; Resource                                    ; Usage     ;
+---------------------------------------------+-----------+
; Estimated Total logic elements              ; 127       ;
;                                             ;           ;
; Total combinational functions               ; 127       ;
; Logic element usage by number of LUT inputs ;           ;
;     -- 4 input functions                    ; 42        ;
;     -- 3 input functions                    ; 19        ;
;     -- <=2 input functions                  ; 66        ;
;                                             ;           ;
; Logic elements by mode                      ;           ;
;     -- normal mode                          ; 90        ;
;     -- arithmetic mode                      ; 37        ;
;                                             ;           ;
; Total registers                             ; 42        ;
;     -- Dedicated logic registers            ; 42        ;
;     -- I/O registers                        ; 0         ;
;                                             ;           ;
; I/O pins                                    ; 73        ;
;                                             ;           ;
; Embedded Multiplier 9-bit elements          ; 0         ;
;                                             ;           ;
; Maximum fan-out node                        ; latch_out ;
; Maximum fan-out                             ; 42        ;
; Total fan-out                               ; 571       ;
; Average fan-out                             ; 1.81      ;
+---------------------------------------------+-----------+


+------------------------------------------------------------------------------------------------------------------------------------------------------------------------------------------------------------------------------------------------+
; Analysis & Synthesis Resource Utilization by Entity                                                                                                                                                                                            ;
+----------------------------+---------------------+---------------------------+-------------+------------+--------------+---------+-----------+------+--------------+------------+-------------------------------+---------------+--------------+
; Compilation Hierarchy Node ; Combinational ALUTs ; Dedicated Logic Registers ; Memory Bits ; UFM Blocks ; DSP Elements ; DSP 9x9 ; DSP 18x18 ; Pins ; Virtual Pins ; ADC blocks ; Full Hierarchy Name           ; Entity Name   ; Library Name ;
+----------------------------+---------------------+---------------------------+-------------+------------+--------------+---------+-----------+------+--------------+------------+-------------------------------+---------------+--------------+
; |Lab2                      ; 127 (1)             ; 42 (1)                    ; 0           ; 0          ; 0            ; 0       ; 0         ; 73   ; 0            ; 0          ; |Lab2                         ; Lab2          ; work         ;
;    |Counters:U1|           ; 86 (37)             ; 16 (16)                   ; 0           ; 0          ; 0            ; 0       ; 0         ; 0    ; 0            ; 0          ; |Lab2|Counters:U1             ; Counters      ; work         ;
;       |SevenSeg:W0|        ; 25 (25)             ; 0 (0)                     ; 0           ; 0          ; 0            ; 0       ; 0         ; 0    ; 0            ; 0          ; |Lab2|Counters:U1|SevenSeg:W0 ; SevenSeg      ; work         ;
;       |SevenSeg:W1|        ; 24 (24)             ; 0 (0)                     ; 0           ; 0          ; 0            ; 0       ; 0         ; 0    ; 0            ; 0          ; |Lab2|Counters:U1|SevenSeg:W1 ; SevenSeg      ; work         ;
;    |clock_divider:U0|      ; 40 (40)             ; 25 (25)                   ; 0           ; 0          ; 0            ; 0       ; 0         ; 0    ; 0            ; 0          ; |Lab2|clock_divider:U0        ; clock_divider ; work         ;
+----------------------------+---------------------+---------------------------+-------------+------------+--------------+---------+-----------+------+--------------+------------+-------------------------------+---------------+--------------+
Note: For table entries with two numbers listed, the numbers in parentheses indicate the number of resources of the given type used by the specific entity alone. The numbers listed outside of parentheses indicate the total resources of the given type used by the specific entity and all of its sub-entities in the hierarchy.


+----------------------------------------------------------------------------------------------------------------+
; User-Specified and Inferred Latches                                                                            ;
+-----------------------------------------------------+---------------------------------+------------------------+
; Latch Name                                          ; Latch Enable Signal             ; Free of Timing Hazards ;
+-----------------------------------------------------+---------------------------------+------------------------+
; Counters:U1|SevenSeg:W1|value[0]                    ; Counters:U1|SevenSeg:W1|WideOr1 ; yes                    ;
; Counters:U1|SevenSeg:W1|value[1]                    ; Counters:U1|SevenSeg:W1|WideOr1 ; yes                    ;
; Counters:U1|SevenSeg:W1|value[2]                    ; Counters:U1|SevenSeg:W1|WideOr1 ; yes                    ;
; Counters:U1|SevenSeg:W1|value[3]                    ; Counters:U1|SevenSeg:W1|WideOr1 ; yes                    ;
; Counters:U1|SevenSeg:W1|value[4]                    ; Counters:U1|SevenSeg:W1|WideOr1 ; yes                    ;
; Counters:U1|SevenSeg:W1|value[5]                    ; Counters:U1|SevenSeg:W1|WideOr1 ; yes                    ;
; Counters:U1|SevenSeg:W1|value[6]                    ; Counters:U1|SevenSeg:W1|WideOr1 ; yes                    ;
; Counters:U1|SevenSeg:W0|value[0]                    ; Counters:U1|SevenSeg:W0|WideOr1 ; yes                    ;
; Counters:U1|SevenSeg:W0|value[1]                    ; Counters:U1|SevenSeg:W0|WideOr1 ; yes                    ;
; Counters:U1|SevenSeg:W0|value[2]                    ; Counters:U1|SevenSeg:W0|WideOr1 ; yes                    ;
; Counters:U1|SevenSeg:W0|value[3]                    ; Counters:U1|SevenSeg:W0|WideOr1 ; yes                    ;
; Counters:U1|SevenSeg:W0|value[4]                    ; Counters:U1|SevenSeg:W0|WideOr1 ; yes                    ;
; Counters:U1|SevenSeg:W0|value[5]                    ; Counters:U1|SevenSeg:W0|WideOr1 ; yes                    ;
; Counters:U1|SevenSeg:W0|value[6]                    ; Counters:U1|SevenSeg:W0|WideOr1 ; yes                    ;
; Number of user-specified and inferred latches = 14  ;                                 ;                        ;
+-----------------------------------------------------+---------------------------------+------------------------+
Note: All latches listed above may not be present at the end of synthesis due to various synthesis optimizations.


+------------------------------------------------------+
; General Register Statistics                          ;
+----------------------------------------------+-------+
; Statistic                                    ; Value ;
+----------------------------------------------+-------+
; Total registers                              ; 42    ;
; Number of registers using Synchronous Clear  ; 0     ;
; Number of registers using Synchronous Load   ; 0     ;
; Number of registers using Asynchronous Clear ; 40    ;
; Number of registers using Asynchronous Load  ; 0     ;
; Number of registers using Clock Enable       ; 8     ;
; Number of registers using Preset             ; 0     ;
+----------------------------------------------+-------+


+--------------------------------------------------+
; Inverted Register Statistics                     ;
+----------------------------------------+---------+
; Inverted Register                      ; Fan out ;
+----------------------------------------+---------+
; Counters:U1|counter_ones_p[0]          ; 11      ;
; Counters:U1|counter_tens_p[3]          ; 12      ;
; Counters:U1|counter_tens_p[6]          ; 5       ;
; Counters:U1|counter_tens_p[4]          ; 4       ;
; Total number of inverted registers = 4 ;         ;
+----------------------------------------+---------+


+---------------------------------------------------------------------------------------------------------------------------------------------------+
; Multiplexer Restructuring Statistics (Restructuring Performed)                                                                                    ;
+--------------------+-----------+---------------+----------------------+------------------------+------------+-------------------------------------+
; Multiplexer Inputs ; Bus Width ; Baseline Area ; Area if Restructured ; Saving if Restructured ; Registered ; Example Multiplexer Output          ;
+--------------------+-----------+---------------+----------------------+------------------------+------------+-------------------------------------+
; 3:1                ; 5 bits    ; 10 LEs        ; 10 LEs               ; 0 LEs                  ; Yes        ; |Lab2|Counters:U1|counter_tens_p[7] ;
; 3:1                ; 3 bits    ; 6 LEs         ; 6 LEs                ; 0 LEs                  ; Yes        ; |Lab2|Counters:U1|counter_tens_p[6] ;
+--------------------+-----------+---------------+----------------------+------------------------+------------+-------------------------------------+


+---------------------------------------------------------------+
; Parameter Settings for User Entity Instance: clock_divider:U0 ;
+----------------+---------+------------------------------------+
; Parameter Name ; Value   ; Type                               ;
+----------------+---------+------------------------------------+
; clk_div        ; 1000000 ; Signed Integer                     ;
+----------------+---------+------------------------------------+
Note: In order to hide this table in the UI and the text report file, please set the "Show Parameter Settings in Synthesis Report" option in "Analysis and Synthesis Settings -> More Settings" to "Off".


+-----------------------------------------------------+
; Post-Synthesis Netlist Statistics for Top Partition ;
+-----------------------+-----------------------------+
; Type                  ; Count                       ;
+-----------------------+-----------------------------+
; boundary_port         ; 73                          ;
; cycloneiii_ff         ; 42                          ;
;     CLR               ; 32                          ;
;     ENA CLR           ; 8                           ;
;     plain             ; 2                           ;
; cycloneiii_lcell_comb ; 129                         ;
;     arith             ; 37                          ;
;         2 data inputs ; 37                          ;
;     normal            ; 92                          ;
;         0 data inputs ; 2                           ;
;         1 data inputs ; 5                           ;
;         2 data inputs ; 24                          ;
;         3 data inputs ; 19                          ;
;         4 data inputs ; 42                          ;
;                       ;                             ;
; Max LUT depth         ; 4.00                        ;
; Average LUT depth     ; 2.95                        ;
+-----------------------+-----------------------------+


+-------------------------------+
; Elapsed Time Per Partition    ;
+----------------+--------------+
; Partition Name ; Elapsed Time ;
+----------------+--------------+
; Top            ; 00:00:00     ;
+----------------+--------------+


+-------------------------------+
; Analysis & Synthesis Messages ;
+-------------------------------+
Info: *******************************************************************
Info: Running Quartus Prime Analysis & Synthesis
    Info: Version 18.1.0 Build 625 09/12/2018 SJ Lite Edition
    Info: Processing started: Sat Oct 26 17:09:13 2019
Info: Command: quartus_map --read_settings_files=on --write_settings_files=off Lab2 -c Lab2
Warning (18236): Number of processors has not been specified which may cause overloading on shared machines.  Set the global assignment NUM_PARALLEL_PROCESSORS in your QSF to an appropriate value for best performance.
Info (20030): Parallel compilation is enabled and will use 6 of the 6 processors detected
Info (12021): Found 1 design units, including 1 entities, in source file /users/adamp/documents/github/ecen-2350-digital-logic-lab-2/source/sevenseg.v
    Info (12023): Found entity 1: SevenSeg File: C:/Users/adamp/Documents/GitHub/ECEN-2350-Digital-Logic-Lab-2/Source/SevenSeg.v Line: 1
Info (12021): Found 1 design units, including 1 entities, in source file /users/adamp/documents/github/ecen-2350-digital-logic-lab-2/source/lab2.v
    Info (12023): Found entity 1: Lab2 File: C:/Users/adamp/Documents/GitHub/ECEN-2350-Digital-Logic-Lab-2/Source/Lab2.v Line: 5
Info (12021): Found 1 design units, including 1 entities, in source file /users/adamp/documents/github/ecen-2350-digital-logic-lab-2/source/counters.v
    Info (12023): Found entity 1: Counters File: C:/Users/adamp/Documents/GitHub/ECEN-2350-Digital-Logic-Lab-2/Source/Counters.v Line: 1
Info (12021): Found 1 design units, including 1 entities, in source file /users/adamp/documents/github/ecen-2350-digital-logic-lab-2/source/clock_divider.v
    Info (12023): Found entity 1: clock_divider File: C:/Users/adamp/Documents/GitHub/ECEN-2350-Digital-Logic-Lab-2/Source/clock_divider.v Line: 1
Info (12127): Elaborating entity "Lab2" for the top level hierarchy
Warning (10034): Output port "HEX0" at Lab2.v(13) has no driver File: C:/Users/adamp/Documents/GitHub/ECEN-2350-Digital-Logic-Lab-2/Source/Lab2.v Line: 13
Warning (10034): Output port "HEX1" at Lab2.v(14) has no driver File: C:/Users/adamp/Documents/GitHub/ECEN-2350-Digital-Logic-Lab-2/Source/Lab2.v Line: 14
Warning (10034): Output port "HEX2" at Lab2.v(15) has no driver File: C:/Users/adamp/Documents/GitHub/ECEN-2350-Digital-Logic-Lab-2/Source/Lab2.v Line: 15
Warning (10034): Output port "HEX3" at Lab2.v(16) has no driver File: C:/Users/adamp/Documents/GitHub/ECEN-2350-Digital-Logic-Lab-2/Source/Lab2.v Line: 16
Info (12128): Elaborating entity "clock_divider" for hierarchy "clock_divider:U0" File: C:/Users/adamp/Documents/GitHub/ECEN-2350-Digital-Logic-Lab-2/Source/Lab2.v Line: 42
Warning (10230): Verilog HDL assignment warning at clock_divider.v(27): truncated value with size 32 to match size of target (24) File: C:/Users/adamp/Documents/GitHub/ECEN-2350-Digital-Logic-Lab-2/Source/clock_divider.v Line: 27
Info (12128): Elaborating entity "Counters" for hierarchy "Counters:U1" File: C:/Users/adamp/Documents/GitHub/ECEN-2350-Digital-Logic-Lab-2/Source/Lab2.v Line: 46
Warning (10230): Verilog HDL assignment warning at Counters.v(31): truncated value with size 32 to match size of target (8) File: C:/Users/adamp/Documents/GitHub/ECEN-2350-Digital-Logic-Lab-2/Source/Counters.v Line: 31
Warning (10230): Verilog HDL assignment warning at Counters.v(39): truncated value with size 32 to match size of target (8) File: C:/Users/adamp/Documents/GitHub/ECEN-2350-Digital-Logic-Lab-2/Source/Counters.v Line: 39
Warning (10034): Output port "LEDR" at Counters.v(12) has no driver File: C:/Users/adamp/Documents/GitHub/ECEN-2350-Digital-Logic-Lab-2/Source/Counters.v Line: 12
Info (12128): Elaborating entity "SevenSeg" for hierarchy "Counters:U1|SevenSeg:W0" File: C:/Users/adamp/Documents/GitHub/ECEN-2350-Digital-Logic-Lab-2/Source/Counters.v Line: 45
Warning (10270): Verilog HDL Case Statement warning at SevenSeg.v(18): incomplete case statement has no default case item File: C:/Users/adamp/Documents/GitHub/ECEN-2350-Digital-Logic-Lab-2/Source/SevenSeg.v Line: 18
Warning (10240): Verilog HDL Always Construct warning at SevenSeg.v(16): inferring latch(es) for variable "value", which holds its previous value in one or more paths through the always construct File: C:/Users/adamp/Documents/GitHub/ECEN-2350-Digital-Logic-Lab-2/Source/SevenSeg.v Line: 16
Info (10041): Inferred latch for "value[0]" at SevenSeg.v(16) File: C:/Users/adamp/Documents/GitHub/ECEN-2350-Digital-Logic-Lab-2/Source/SevenSeg.v Line: 16
Info (10041): Inferred latch for "value[1]" at SevenSeg.v(16) File: C:/Users/adamp/Documents/GitHub/ECEN-2350-Digital-Logic-Lab-2/Source/SevenSeg.v Line: 16
Info (10041): Inferred latch for "value[2]" at SevenSeg.v(16) File: C:/Users/adamp/Documents/GitHub/ECEN-2350-Digital-Logic-Lab-2/Source/SevenSeg.v Line: 16
Info (10041): Inferred latch for "value[3]" at SevenSeg.v(16) File: C:/Users/adamp/Documents/GitHub/ECEN-2350-Digital-Logic-Lab-2/Source/SevenSeg.v Line: 16
Info (10041): Inferred latch for "value[4]" at SevenSeg.v(16) File: C:/Users/adamp/Documents/GitHub/ECEN-2350-Digital-Logic-Lab-2/Source/SevenSeg.v Line: 16
Info (10041): Inferred latch for "value[5]" at SevenSeg.v(16) File: C:/Users/adamp/Documents/GitHub/ECEN-2350-Digital-Logic-Lab-2/Source/SevenSeg.v Line: 16
Info (10041): Inferred latch for "value[6]" at SevenSeg.v(16) File: C:/Users/adamp/Documents/GitHub/ECEN-2350-Digital-Logic-Lab-2/Source/SevenSeg.v Line: 16
Info (10041): Inferred latch for "value[7]" at SevenSeg.v(16) File: C:/Users/adamp/Documents/GitHub/ECEN-2350-Digital-Logic-Lab-2/Source/SevenSeg.v Line: 16
Warning (13012): Latch Counters:U1|SevenSeg:W1|value[0] has unsafe behavior File: C:/Users/adamp/Documents/GitHub/ECEN-2350-Digital-Logic-Lab-2/Source/SevenSeg.v Line: 16
    Warning (13013): Ports D and ENA on the latch are fed by the same signal Counters:U1|counter_ones_p[7] File: C:/Users/adamp/Documents/GitHub/ECEN-2350-Digital-Logic-Lab-2/Source/Counters.v Line: 30
Warning (13012): Latch Counters:U1|SevenSeg:W1|value[1] has unsafe behavior File: C:/Users/adamp/Documents/GitHub/ECEN-2350-Digital-Logic-Lab-2/Source/SevenSeg.v Line: 16
    Warning (13013): Ports D and ENA on the latch are fed by the same signal Counters:U1|counter_ones_p[7] File: C:/Users/adamp/Documents/GitHub/ECEN-2350-Digital-Logic-Lab-2/Source/Counters.v Line: 30
Warning (13012): Latch Counters:U1|SevenSeg:W1|value[2] has unsafe behavior File: C:/Users/adamp/Documents/GitHub/ECEN-2350-Digital-Logic-Lab-2/Source/SevenSeg.v Line: 16
    Warning (13013): Ports D and ENA on the latch are fed by the same signal Counters:U1|counter_ones_p[7] File: C:/Users/adamp/Documents/GitHub/ECEN-2350-Digital-Logic-Lab-2/Source/Counters.v Line: 30
Warning (13012): Latch Counters:U1|SevenSeg:W1|value[3] has unsafe behavior File: C:/Users/adamp/Documents/GitHub/ECEN-2350-Digital-Logic-Lab-2/Source/SevenSeg.v Line: 16
    Warning (13013): Ports D and ENA on the latch are fed by the same signal Counters:U1|counter_ones_p[7] File: C:/Users/adamp/Documents/GitHub/ECEN-2350-Digital-Logic-Lab-2/Source/Counters.v Line: 30
Warning (13012): Latch Counters:U1|SevenSeg:W1|value[4] has unsafe behavior File: C:/Users/adamp/Documents/GitHub/ECEN-2350-Digital-Logic-Lab-2/Source/SevenSeg.v Line: 16
    Warning (13013): Ports D and ENA on the latch are fed by the same signal Counters:U1|counter_ones_p[7] File: C:/Users/adamp/Documents/GitHub/ECEN-2350-Digital-Logic-Lab-2/Source/Counters.v Line: 30
Warning (13012): Latch Counters:U1|SevenSeg:W1|value[5] has unsafe behavior File: C:/Users/adamp/Documents/GitHub/ECEN-2350-Digital-Logic-Lab-2/Source/SevenSeg.v Line: 16
    Warning (13013): Ports D and ENA on the latch are fed by the same signal Counters:U1|counter_ones_p[7] File: C:/Users/adamp/Documents/GitHub/ECEN-2350-Digital-Logic-Lab-2/Source/Counters.v Line: 30
Warning (13012): Latch Counters:U1|SevenSeg:W1|value[6] has unsafe behavior File: C:/Users/adamp/Documents/GitHub/ECEN-2350-Digital-Logic-Lab-2/Source/SevenSeg.v Line: 16
    Warning (13013): Ports D and ENA on the latch are fed by the same signal Counters:U1|counter_ones_p[7] File: C:/Users/adamp/Documents/GitHub/ECEN-2350-Digital-Logic-Lab-2/Source/Counters.v Line: 30
Warning (13012): Latch Counters:U1|SevenSeg:W0|value[0] has unsafe behavior File: C:/Users/adamp/Documents/GitHub/ECEN-2350-Digital-Logic-Lab-2/Source/SevenSeg.v Line: 16
    Warning (13013): Ports D and ENA on the latch are fed by the same signal Counters:U1|counter_tens_p[7] File: C:/Users/adamp/Documents/GitHub/ECEN-2350-Digital-Logic-Lab-2/Source/Counters.v Line: 30
Warning (13012): Latch Counters:U1|SevenSeg:W0|value[1] has unsafe behavior File: C:/Users/adamp/Documents/GitHub/ECEN-2350-Digital-Logic-Lab-2/Source/SevenSeg.v Line: 16
    Warning (13013): Ports D and ENA on the latch are fed by the same signal Counters:U1|counter_tens_p[7] File: C:/Users/adamp/Documents/GitHub/ECEN-2350-Digital-Logic-Lab-2/Source/Counters.v Line: 30
Warning (13012): Latch Counters:U1|SevenSeg:W0|value[2] has unsafe behavior File: C:/Users/adamp/Documents/GitHub/ECEN-2350-Digital-Logic-Lab-2/Source/SevenSeg.v Line: 16
    Warning (13013): Ports D and ENA on the latch are fed by the same signal Counters:U1|counter_tens_p[7] File: C:/Users/adamp/Documents/GitHub/ECEN-2350-Digital-Logic-Lab-2/Source/Counters.v Line: 30
Warning (13012): Latch Counters:U1|SevenSeg:W0|value[3] has unsafe behavior File: C:/Users/adamp/Documents/GitHub/ECEN-2350-Digital-Logic-Lab-2/Source/SevenSeg.v Line: 16
    Warning (13013): Ports D and ENA on the latch are fed by the same signal Counters:U1|counter_tens_p[7] File: C:/Users/adamp/Documents/GitHub/ECEN-2350-Digital-Logic-Lab-2/Source/Counters.v Line: 30
Warning (13012): Latch Counters:U1|SevenSeg:W0|value[4] has unsafe behavior File: C:/Users/adamp/Documents/GitHub/ECEN-2350-Digital-Logic-Lab-2/Source/SevenSeg.v Line: 16
    Warning (13013): Ports D and ENA on the latch are fed by the same signal Counters:U1|counter_tens_p[7] File: C:/Users/adamp/Documents/GitHub/ECEN-2350-Digital-Logic-Lab-2/Source/Counters.v Line: 30
Warning (13012): Latch Counters:U1|SevenSeg:W0|value[5] has unsafe behavior File: C:/Users/adamp/Documents/GitHub/ECEN-2350-Digital-Logic-Lab-2/Source/SevenSeg.v Line: 16
    Warning (13013): Ports D and ENA on the latch are fed by the same signal Counters:U1|counter_tens_p[7] File: C:/Users/adamp/Documents/GitHub/ECEN-2350-Digital-Logic-Lab-2/Source/Counters.v Line: 30
Warning (13012): Latch Counters:U1|SevenSeg:W0|value[6] has unsafe behavior File: C:/Users/adamp/Documents/GitHub/ECEN-2350-Digital-Logic-Lab-2/Source/SevenSeg.v Line: 16
    Warning (13013): Ports D and ENA on the latch are fed by the same signal Counters:U1|counter_tens_p[7] File: C:/Users/adamp/Documents/GitHub/ECEN-2350-Digital-Logic-Lab-2/Source/Counters.v Line: 30
Info (13000): Registers with preset signals will power-up high File: C:/Users/adamp/Documents/GitHub/ECEN-2350-Digital-Logic-Lab-2/Source/Counters.v Line: 30
Info (13003): DEV_CLRn pin will set, and not reset, register with preset signal due to NOT Gate Push-Back
Warning (13024): Output pins are stuck at VCC or GND
    Warning (13410): Pin "HEX0[0]" is stuck at GND File: C:/Users/adamp/Documents/GitHub/ECEN-2350-Digital-Logic-Lab-2/Source/Lab2.v Line: 13
    Warning (13410): Pin "HEX0[1]" is stuck at GND File: C:/Users/adamp/Documents/GitHub/ECEN-2350-Digital-Logic-Lab-2/Source/Lab2.v Line: 13
    Warning (13410): Pin "HEX0[2]" is stuck at GND File: C:/Users/adamp/Documents/GitHub/ECEN-2350-Digital-Logic-Lab-2/Source/Lab2.v Line: 13
    Warning (13410): Pin "HEX0[3]" is stuck at GND File: C:/Users/adamp/Documents/GitHub/ECEN-2350-Digital-Logic-Lab-2/Source/Lab2.v Line: 13
    Warning (13410): Pin "HEX0[4]" is stuck at GND File: C:/Users/adamp/Documents/GitHub/ECEN-2350-Digital-Logic-Lab-2/Source/Lab2.v Line: 13
    Warning (13410): Pin "HEX0[5]" is stuck at GND File: C:/Users/adamp/Documents/GitHub/ECEN-2350-Digital-Logic-Lab-2/Source/Lab2.v Line: 13
    Warning (13410): Pin "HEX0[6]" is stuck at GND File: C:/Users/adamp/Documents/GitHub/ECEN-2350-Digital-Logic-Lab-2/Source/Lab2.v Line: 13
    Warning (13410): Pin "HEX0[7]" is stuck at GND File: C:/Users/adamp/Documents/GitHub/ECEN-2350-Digital-Logic-Lab-2/Source/Lab2.v Line: 13
    Warning (13410): Pin "HEX1[0]" is stuck at GND File: C:/Users/adamp/Documents/GitHub/ECEN-2350-Digital-Logic-Lab-2/Source/Lab2.v Line: 14
    Warning (13410): Pin "HEX1[1]" is stuck at GND File: C:/Users/adamp/Documents/GitHub/ECEN-2350-Digital-Logic-Lab-2/Source/Lab2.v Line: 14
    Warning (13410): Pin "HEX1[2]" is stuck at GND File: C:/Users/adamp/Documents/GitHub/ECEN-2350-Digital-Logic-Lab-2/Source/Lab2.v Line: 14
    Warning (13410): Pin "HEX1[3]" is stuck at GND File: C:/Users/adamp/Documents/GitHub/ECEN-2350-Digital-Logic-Lab-2/Source/Lab2.v Line: 14
    Warning (13410): Pin "HEX1[4]" is stuck at GND File: C:/Users/adamp/Documents/GitHub/ECEN-2350-Digital-Logic-Lab-2/Source/Lab2.v Line: 14
    Warning (13410): Pin "HEX1[5]" is stuck at GND File: C:/Users/adamp/Documents/GitHub/ECEN-2350-Digital-Logic-Lab-2/Source/Lab2.v Line: 14
    Warning (13410): Pin "HEX1[6]" is stuck at GND File: C:/Users/adamp/Documents/GitHub/ECEN-2350-Digital-Logic-Lab-2/Source/Lab2.v Line: 14
    Warning (13410): Pin "HEX1[7]" is stuck at GND File: C:/Users/adamp/Documents/GitHub/ECEN-2350-Digital-Logic-Lab-2/Source/Lab2.v Line: 14
    Warning (13410): Pin "HEX2[0]" is stuck at GND File: C:/Users/adamp/Documents/GitHub/ECEN-2350-Digital-Logic-Lab-2/Source/Lab2.v Line: 15
    Warning (13410): Pin "HEX2[1]" is stuck at GND File: C:/Users/adamp/Documents/GitHub/ECEN-2350-Digital-Logic-Lab-2/Source/Lab2.v Line: 15
    Warning (13410): Pin "HEX2[2]" is stuck at GND File: C:/Users/adamp/Documents/GitHub/ECEN-2350-Digital-Logic-Lab-2/Source/Lab2.v Line: 15
    Warning (13410): Pin "HEX2[3]" is stuck at GND File: C:/Users/adamp/Documents/GitHub/ECEN-2350-Digital-Logic-Lab-2/Source/Lab2.v Line: 15
    Warning (13410): Pin "HEX2[4]" is stuck at GND File: C:/Users/adamp/Documents/GitHub/ECEN-2350-Digital-Logic-Lab-2/Source/Lab2.v Line: 15
    Warning (13410): Pin "HEX2[5]" is stuck at GND File: C:/Users/adamp/Documents/GitHub/ECEN-2350-Digital-Logic-Lab-2/Source/Lab2.v Line: 15
    Warning (13410): Pin "HEX2[6]" is stuck at GND File: C:/Users/adamp/Documents/GitHub/ECEN-2350-Digital-Logic-Lab-2/Source/Lab2.v Line: 15
    Warning (13410): Pin "HEX2[7]" is stuck at GND File: C:/Users/adamp/Documents/GitHub/ECEN-2350-Digital-Logic-Lab-2/Source/Lab2.v Line: 15
    Warning (13410): Pin "HEX3[0]" is stuck at GND File: C:/Users/adamp/Documents/GitHub/ECEN-2350-Digital-Logic-Lab-2/Source/Lab2.v Line: 16
    Warning (13410): Pin "HEX3[1]" is stuck at GND File: C:/Users/adamp/Documents/GitHub/ECEN-2350-Digital-Logic-Lab-2/Source/Lab2.v Line: 16
    Warning (13410): Pin "HEX3[2]" is stuck at GND File: C:/Users/adamp/Documents/GitHub/ECEN-2350-Digital-Logic-Lab-2/Source/Lab2.v Line: 16
    Warning (13410): Pin "HEX3[3]" is stuck at GND File: C:/Users/adamp/Documents/GitHub/ECEN-2350-Digital-Logic-Lab-2/Source/Lab2.v Line: 16
    Warning (13410): Pin "HEX3[4]" is stuck at GND File: C:/Users/adamp/Documents/GitHub/ECEN-2350-Digital-Logic-Lab-2/Source/Lab2.v Line: 16
    Warning (13410): Pin "HEX3[5]" is stuck at GND File: C:/Users/adamp/Documents/GitHub/ECEN-2350-Digital-Logic-Lab-2/Source/Lab2.v Line: 16
    Warning (13410): Pin "HEX3[6]" is stuck at GND File: C:/Users/adamp/Documents/GitHub/ECEN-2350-Digital-Logic-Lab-2/Source/Lab2.v Line: 16
    Warning (13410): Pin "HEX3[7]" is stuck at GND File: C:/Users/adamp/Documents/GitHub/ECEN-2350-Digital-Logic-Lab-2/Source/Lab2.v Line: 16
    Warning (13410): Pin "HEX4[7]" is stuck at VCC File: C:/Users/adamp/Documents/GitHub/ECEN-2350-Digital-Logic-Lab-2/Source/Lab2.v Line: 17
    Warning (13410): Pin "HEX5[7]" is stuck at VCC File: C:/Users/adamp/Documents/GitHub/ECEN-2350-Digital-Logic-Lab-2/Source/Lab2.v Line: 18
    Warning (13410): Pin "LEDR[0]" is stuck at GND File: C:/Users/adamp/Documents/GitHub/ECEN-2350-Digital-Logic-Lab-2/Source/Lab2.v Line: 24
    Warning (13410): Pin "LEDR[1]" is stuck at GND File: C:/Users/adamp/Documents/GitHub/ECEN-2350-Digital-Logic-Lab-2/Source/Lab2.v Line: 24
    Warning (13410): Pin "LEDR[2]" is stuck at GND File: C:/Users/adamp/Documents/GitHub/ECEN-2350-Digital-Logic-Lab-2/Source/Lab2.v Line: 24
    Warning (13410): Pin "LEDR[3]" is stuck at GND File: C:/Users/adamp/Documents/GitHub/ECEN-2350-Digital-Logic-Lab-2/Source/Lab2.v Line: 24
    Warning (13410): Pin "LEDR[4]" is stuck at GND File: C:/Users/adamp/Documents/GitHub/ECEN-2350-Digital-Logic-Lab-2/Source/Lab2.v Line: 24
    Warning (13410): Pin "LEDR[5]" is stuck at GND File: C:/Users/adamp/Documents/GitHub/ECEN-2350-Digital-Logic-Lab-2/Source/Lab2.v Line: 24
    Warning (13410): Pin "LEDR[6]" is stuck at GND File: C:/Users/adamp/Documents/GitHub/ECEN-2350-Digital-Logic-Lab-2/Source/Lab2.v Line: 24
    Warning (13410): Pin "LEDR[7]" is stuck at GND File: C:/Users/adamp/Documents/GitHub/ECEN-2350-Digital-Logic-Lab-2/Source/Lab2.v Line: 24
    Warning (13410): Pin "LEDR[8]" is stuck at GND File: C:/Users/adamp/Documents/GitHub/ECEN-2350-Digital-Logic-Lab-2/Source/Lab2.v Line: 24
    Warning (13410): Pin "LEDR[9]" is stuck at GND File: C:/Users/adamp/Documents/GitHub/ECEN-2350-Digital-Logic-Lab-2/Source/Lab2.v Line: 24
Info (286030): Timing-Driven Synthesis is running
Info (16010): Generating hard_block partition "hard_block:auto_generated_inst"
    Info (16011): Adding 0 node(s), including 0 DDIO, 0 PLL, 0 transceiver and 0 LCELL
Warning (21074): Design contains 13 input pin(s) that do not drive logic
    Warning (15610): No output dependent on input pin "MAX10_CLK1_50" File: C:/Users/adamp/Documents/GitHub/ECEN-2350-Digital-Logic-Lab-2/Source/Lab2.v Line: 9
    Warning (15610): No output dependent on input pin "MAX10_CLK2_50" File: C:/Users/adamp/Documents/GitHub/ECEN-2350-Digital-Logic-Lab-2/Source/Lab2.v Line: 10
    Warning (15610): No output dependent on input pin "KEY[1]" File: C:/Users/adamp/Documents/GitHub/ECEN-2350-Digital-Logic-Lab-2/Source/Lab2.v Line: 21
    Warning (15610): No output dependent on input pin "SW[0]" File: C:/Users/adamp/Documents/GitHub/ECEN-2350-Digital-Logic-Lab-2/Source/Lab2.v Line: 28
    Warning (15610): No output dependent on input pin "SW[1]" File: C:/Users/adamp/Documents/GitHub/ECEN-2350-Digital-Logic-Lab-2/Source/Lab2.v Line: 28
    Warning (15610): No output dependent on input pin "SW[2]" File: C:/Users/adamp/Documents/GitHub/ECEN-2350-Digital-Logic-Lab-2/Source/Lab2.v Line: 28
    Warning (15610): No output dependent on input pin "SW[3]" File: C:/Users/adamp/Documents/GitHub/ECEN-2350-Digital-Logic-Lab-2/Source/Lab2.v Line: 28
    Warning (15610): No output dependent on input pin "SW[4]" File: C:/Users/adamp/Documents/GitHub/ECEN-2350-Digital-Logic-Lab-2/Source/Lab2.v Line: 28
    Warning (15610): No output dependent on input pin "SW[5]" File: C:/Users/adamp/Documents/GitHub/ECEN-2350-Digital-Logic-Lab-2/Source/Lab2.v Line: 28
    Warning (15610): No output dependent on input pin "SW[6]" File: C:/Users/adamp/Documents/GitHub/ECEN-2350-Digital-Logic-Lab-2/Source/Lab2.v Line: 28
    Warning (15610): No output dependent on input pin "SW[7]" File: C:/Users/adamp/Documents/GitHub/ECEN-2350-Digital-Logic-Lab-2/Source/Lab2.v Line: 28
    Warning (15610): No output dependent on input pin "SW[8]" File: C:/Users/adamp/Documents/GitHub/ECEN-2350-Digital-Logic-Lab-2/Source/Lab2.v Line: 28
    Warning (15610): No output dependent on input pin "SW[9]" File: C:/Users/adamp/Documents/GitHub/ECEN-2350-Digital-Logic-Lab-2/Source/Lab2.v Line: 28
Info (21057): Implemented 200 device resources after synthesis - the final resource count might be different
    Info (21058): Implemented 15 input pins
    Info (21059): Implemented 58 output pins
    Info (21061): Implemented 127 logic cells
Info: Quartus Prime Analysis & Synthesis was successful. 0 errors, 98 warnings
    Info: Peak virtual memory: 4808 megabytes
    Info: Processing ended: Sat Oct 26 17:09:24 2019
    Info: Elapsed time: 00:00:11
    Info: Total CPU time (on all processors): 00:00:22


